[
    {
        "date": "2021-03-16",
        "authorName": "project-admin",
        "authorEmail": "project-admin@edp.com",
        "reviewers": [
            {
                "reviewerName": "project-admin",
                "reviewerEmail": "project-admin@edp.com"
            }
        ],
        "url": "http://bitbucket.odsbox.lan:7990/projects/EDPT3/repos/edpt3-demo-app-backend/pull-requests/2",
        "commit": "59d9348a4df5e40260ec930053409aba163ebb69",
        "component": "edpt3-demo-app-backend"
    },
    {
        "date": "2021-03-16",
        "authorName": "openshift",
        "authorEmail": "openshift@example.com",
        "reviewers": [
            {
                "reviewerName": "project-admin",
                "reviewerEmail": "project-admin@edp.com"
            }
        ],
        "url": "http://bitbucket.odsbox.lan:7990/projects/EDPT3/repos/edpt3-demo-app-backend/pull-requests/2",
        "commit": "7da0c41dbbbe5c1af6d497a8fb31f87fbc55e33b",
        "component": "edpt3-demo-app-backend"
    },
    {
        "date": "2021-03-16",
        "authorName": "project-team-member",
        "authorEmail": "project-team-member@edp.com",
        "reviewers": [
            {
                "reviewerName": "project-team-member",
                "reviewerEmail": "project-team-member@edp.com"
            }
        ],
        "url": "http://bitbucket.odsbox.lan:7990/projects/EDPT3/repos/edpt3-demo-app-backend/pull-requests/1",
        "commit": "c2193652ed488744560c686cdd0e7e3c1dfa6b0f",
        "component": "edpt3-demo-app-backend"
    },
    {
        "date": "2021-03-16",
        "authorName": "openshift",
        "authorEmail": "openshift@example.com",
        "reviewers": [
            {
                "reviewerName": "project-team-member",
                "reviewerEmail": "project-team-member@edp.com"
            }
        ],
        "url": "http://bitbucket.odsbox.lan:7990/projects/EDPT3/repos/edpt3-demo-app-backend/pull-requests/1",
        "commit": "7a87b0122c90478eabf481b2fc04059260715fee",
        "component": "edpt3-demo-app-backend"
    },
    {
        "date":"2021-03-17",
        "authorName":"project-admin",
        "authorEmail":"project-admin@edp.com",
        "reviewers":[
            {
                "reviewerName": "project-team-member",
                "reviewerEmail": "project-team-member@edp.com"
            },
            {
                "reviewerName": "project-admin",
                "reviewerEmail": "project-admin@edp.com"
            }
        ],
        "url":"http://bitbucket.odsbox.lan:7990/projects/EDPT3/repos/edpt3-demo-app-front-end/pull-requests/2",
        "commit":"16770356fe981d00115e978ce31199f4371af5d9",
        "component":"edpt3-demo-app-front-end"
    },
    {
        "date": "2021-03-17",
        "authorName": "openshift",
        "authorEmail": "openshift@example.com",
        "reviewers": [
            {
                "reviewerName": "project-team-member",
                "reviewerEmail": "project-team-member@edp.com"
            },
            {
                "reviewerName": "project-admin",
                "reviewerEmail": "project-admin@edp.com"
            }
        ],
        "url": "http://bitbucket.odsbox.lan:7990/projects/EDPT3/repos/edpt3-demo-app-front-end/pull-requests/2",
        "commit": "69a7c95ddb20bce08fbe01bf067927a1d7bf6e7c",
        "component": "edpt3-demo-app-front-end"
    },
    {
        "date": "2021-03-17",
        "authorName": "openshift",
        "authorEmail": "openshift@example.com",
        "reviewers": [
            {
                "reviewerName": "project-team-member",
                "reviewerEmail": "project-team-member@edp.com"
            },
            {
                "reviewerName": "project-admin",
                "reviewerEmail": "project-admin@edp.com"
            }
        ],
        "url": "http://bitbucket.odsbox.lan:7990/projects/EDPT3/repos/edpt3-demo-app-front-end/pull-requests/2",
        "commit": "0e37d77af184bad786dcd07ee6e43c7430f66e7d",
        "component": "edpt3-demo-app-front-end"
    },
    {
        "date": "2021-03-16",
        "authorName": "project-admin",
        "authorEmail": "project-admin@edp.com",
        "reviewers": [
            {
                "reviewerName": "project-admin",
                "reviewerEmail": "project-admin@edp.com"
            }
        ],
        "url": "http://bitbucket.odsbox.lan:7990/projects/EDPT3/repos/edpt3-demo-app-front-end/pull-requests/1",
        "commit": "3e11de659989b1944a4b0528e467108f6373b755",
        "component": "edpt3-demo-app-front-end"
    },
    {
        "date": "2021-03-16",
        "authorName": "openshift",
        "authorEmail": "openshift@example.com",
        "reviewers": [
            {
                "reviewerName": "project-admin",
                "reviewerEmail": "project-admin@edp.com"
            }
        ],
        "url": "http://bitbucket.odsbox.lan:7990/projects/EDPT3/repos/edpt3-demo-app-front-end/pull-requests/1",
        "commit": "34d300361c1ba798c0adec984b0dfe3e473b472e",
        "component": "edpt3-demo-app-front-end"
    }
]
