2021-03-16,project-admin|project-admin@edp.com,project-admin|project-admin@edp.com,http://bitbucket.odsbox.lan:7990/projects/EDPT3/repos/edpt3-demo-app-backend/pull-requests/2,59d9348a4df5e40260ec930053409aba163ebb69,edpt3-demo-app-backend
2021-03-16,openshift|openshift@example.com,project-admin|project-admin@edp.com,http://bitbucket.odsbox.lan:7990/projects/EDPT3/repos/edpt3-demo-app-backend/pull-requests/2,7da0c41dbbbe5c1af6d497a8fb31f87fbc55e33b,edpt3-demo-app-backend
2021-03-16,project-team-member|project-team-member@edp.com,project-team-member|project-team-member@edp.com,http://bitbucket.odsbox.lan:7990/projects/EDPT3/repos/edpt3-demo-app-backend/pull-requests/1,c2193652ed488744560c686cdd0e7e3c1dfa6b0f,edpt3-demo-app-backend
2021-03-16,openshift|openshift@example.com,project-team-member|project-team-member@edp.com,http://bitbucket.odsbox.lan:7990/projects/EDPT3/repos/edpt3-demo-app-backend/pull-requests/1,7a87b0122c90478eabf481b2fc04059260715fee,edpt3-demo-app-backend
2021-03-17,project-admin|project-admin@edp.com,project-team-member|project-team-member@edp.com;project-admin|project-admin@edp.com,http://bitbucket.odsbox.lan:7990/projects/EDPT3/repos/edpt3-demo-app-front-end/pull-requests/2,16770356fe981d00115e978ce31199f4371af5d9,edpt3-demo-app-front-end
2021-03-17,openshift|openshift@example.com,project-team-member|project-team-member@edp.com;project-admin|project-admin@edp.com,http://bitbucket.odsbox.lan:7990/projects/EDPT3/repos/edpt3-demo-app-front-end/pull-requests/2,69a7c95ddb20bce08fbe01bf067927a1d7bf6e7c,edpt3-demo-app-front-end
2021-03-17,openshift|openshift@example.com,project-team-member|project-team-member@edp.com;project-admin|project-admin@edp.com,http://bitbucket.odsbox.lan:7990/projects/EDPT3/repos/edpt3-demo-app-front-end/pull-requests/2,0e37d77af184bad786dcd07ee6e43c7430f66e7d,edpt3-demo-app-front-end
2021-03-16,project-admin|project-admin@edp.com,project-admin|project-admin@edp.com,http://bitbucket.odsbox.lan:7990/projects/EDPT3/repos/edpt3-demo-app-front-end/pull-requests/1,3e11de659989b1944a4b0528e467108f6373b755,edpt3-demo-app-front-end
2021-03-16,openshift|openshift@example.com,project-admin|project-admin@edp.com,http://bitbucket.odsbox.lan:7990/projects/EDPT3/repos/edpt3-demo-app-front-end/pull-requests/1,34d300361c1ba798c0adec984b0dfe3e473b472e,edpt3-demo-app-front-end
